// Jest Snapshot v1, https://goo.gl/fbAQLP

exports[`<Main /> should render the heading 1`] = `
<div>
  <div
    class="css-u7vzkc"
  >
    <h2
      class="chakra-heading css-1u8qly9"
    >
      Onyx Boilerplate
    </h2>
    <p
      class="chakra-text css-1b5l6rc"
    >
      Boilerplate with Typescript, NextJS, Styled Components, PWA, Storybook, Jest and React Testing Library, ESLint and Husky
    </p>
  </div>
</div>
`;
